// Jest Snapshot v1, https://goo.gl/fbAQLP

exports[`correctly compares two different images 1`] = `0.31274395085329404`;
