// Jest Snapshot v1, https://goo.gl/fbAQLP

exports[`throws an error for invalid shape types 1`] = `"rhombus is not a valid shape type"`;
